\BOOKMARK [1][-]{section.1}{\376\377\000I\000n\000t\000r\000o\000d\000u\000c\000t\000i\000o\000n}{}% 1
\BOOKMARK [1][-]{section.2}{\376\377\000R\000e\000l\000a\000t\000e\000d\000\040\000W\000o\000r\000k}{}% 2
\BOOKMARK [2][-]{subsection.2.1}{\376\377\000R\000A\000G\000\040\000f\000o\000r\000\040\000m\000e\000d\000i\000c\000a\000l\000\040\000Q\000A}{section.2}% 3
\BOOKMARK [2][-]{subsection.2.2}{\376\377\000M\000e\000d\000i\000c\000a\000l\000\040\000l\000a\000n\000g\000u\000a\000g\000e\000\040\000m\000o\000d\000e\000l\000s}{section.2}% 4
\BOOKMARK [2][-]{subsection.2.3}{\376\377\000H\000y\000b\000r\000i\000d\000\040\000r\000e\000t\000r\000i\000e\000v\000a\000l}{section.2}% 5
\BOOKMARK [2][-]{subsection.2.4}{\376\377\000C\000o\000n\000f\000i\000d\000e\000n\000c\000e\000\040\000c\000a\000l\000i\000b\000r\000a\000t\000i\000o\000n\000\040\000a\000n\000d\000\040\000X\000A\000I}{section.2}% 6
\BOOKMARK [2][-]{subsection.2.5}{\376\377\000P\000o\000s\000i\000t\000i\000o\000n\000i\000n\000g}{section.2}% 7
\BOOKMARK [1][-]{section.3}{\376\377\000S\000y\000s\000t\000e\000m\000\040\000A\000r\000c\000h\000i\000t\000e\000c\000t\000u\000r\000e}{}% 8
\BOOKMARK [2][-]{subsection.3.1}{\376\377\000K\000n\000o\000w\000l\000e\000d\000g\000e\000\040\000b\000a\000s\000e}{section.3}% 9
\BOOKMARK [2][-]{subsection.3.2}{\376\377\000E\000i\000g\000h\000t\000-\000s\000t\000a\000g\000e\000\040\000p\000i\000p\000e\000l\000i\000n\000e}{section.3}% 10
\BOOKMARK [2][-]{subsection.3.3}{\376\377\000A\000d\000a\000p\000t\000i\000v\000e\000\040\000r\000e\000t\000r\000i\000e\000v\000a\000l\000\040\000w\000e\000i\000g\000h\000t\000s}{section.3}% 11
\BOOKMARK [2][-]{subsection.3.4}{\376\377\000Q\000L\000o\000R\000A\000\040\000f\000i\000n\000e\000-\000t\000u\000n\000i\000n\000g}{section.3}% 12
\BOOKMARK [1][-]{section.4}{\376\377\000X\000A\000I\000\040\000M\000e\000t\000h\000o\000d\000o\000l\000o\000g\000y}{}% 13
\BOOKMARK [1][-]{section.5}{\376\377\000E\000v\000a\000l\000u\000a\000t\000i\000o\000n}{}% 14
\BOOKMARK [2][-]{subsection.5.1}{\376\377\000S\000e\000t\000u\000p}{section.5}% 15
\BOOKMARK [2][-]{subsection.5.2}{\376\377\000M\000o\000d\000e\000l\000\040\000c\000o\000m\000p\000a\000r\000i\000s\000o\000n}{section.5}% 16
\BOOKMARK [2][-]{subsection.5.3}{\376\377\000B\000a\000s\000e\000l\000i\000n\000e\000\040\000c\000o\000m\000p\000a\000r\000i\000s\000o\000n\000s}{section.5}% 17
\BOOKMARK [2][-]{subsection.5.4}{\376\377\000A\000b\000l\000a\000t\000i\000o\000n\000\040\000s\000t\000u\000d\000y}{section.5}% 18
\BOOKMARK [2][-]{subsection.5.5}{\376\377\000C\000a\000l\000i\000b\000r\000a\000t\000i\000o\000n}{section.5}% 19
\BOOKMARK [2][-]{subsection.5.6}{\376\377\000R\000e\000t\000r\000i\000e\000v\000a\000l\000\040\000q\000u\000a\000l\000i\000t\000y}{section.5}% 20
\BOOKMARK [2][-]{subsection.5.7}{\376\377\000L\000a\000t\000e\000n\000c\000y}{section.5}% 21
\BOOKMARK [2][-]{subsection.5.8}{\376\377\000S\000a\000m\000p\000l\000e\000\040\000s\000y\000s\000t\000e\000m\000\040\000o\000u\000t\000p\000u\000t}{section.5}% 22
\BOOKMARK [1][-]{section.6}{\376\377\000D\000i\000s\000c\000u\000s\000s\000i\000o\000n}{}% 23
\BOOKMARK [1][-]{section.7}{\376\377\000T\000h\000r\000e\000a\000t\000s\000\040\000t\000o\000\040\000V\000a\000l\000i\000d\000i\000t\000y}{}% 24
\BOOKMARK [1][-]{section.8}{\376\377\000C\000o\000n\000c\000l\000u\000s\000i\000o\000n}{}% 25
\BOOKMARK [1][-]{section*.13}{\376\377\000R\000e\000f\000e\000r\000e\000n\000c\000e\000s}{}% 26
